/*
 *  Copyright (c) 2022 Red Hat Developer
 *
 * Licensed under the Apache License, Version 2.0 (the "License");
 * you may not use this file except in compliance with the License.
 * You may obtain a copy of the License at
 *
 *     http://www.apache.org/licenses/LICENSE-2.0
 *
 * Unless required by applicable law or agreed to in writing, software
 * distributed under the License is distributed on an "AS IS" BASIS,
 * WITHOUT WARRANTIES OR CONDITIONS OF ANY KIND, either express or implied.
 * See the License for the specific language governing permissions and
 * limitations under the License.
 *
 */

/**
 * @author Richard Wang (Github: RichardW98)
 */

// Jest Snapshot v1, https://goo.gl/fbAQLP

exports[`NotificationAccordion NotificationAccordion should match stored snapshot 1`] = `
<div
  className="MuiPaper-root MuiAccordion-root sc-bdnxRM dbTZxq MuiAccordion-rounded MuiPaper-elevation1 MuiPaper-rounded"
  selected={true}
>
  <div
    aria-disabled={false}
    aria-expanded={false}
    className="MuiButtonBase-root MuiAccordionSummary-root"
    onBlur={[Function]}
    onClick={[Function]}
    onDragLeave={[Function]}
    onFocus={[Function]}
    onKeyDown={[Function]}
    onKeyUp={[Function]}
    onMouseDown={[Function]}
    onMouseLeave={[Function]}
    onMouseUp={[Function]}
    onTouchEnd={[Function]}
    onTouchMove={[Function]}
    onTouchStart={[Function]}
    role="button"
    tabIndex={0}
  >
    <div
      className="MuiAccordionSummary-content"
    >
      <div
        className="sc-gtsrHT cZtdqt css-g0gwx2"
      >
        <div
          className="css-1aldbke"
        >
          <p
            bold={false}
            className="MuiTypography-root sc-dlnjwi fHlfjW MuiTypography-body1"
          >
            title
          </p>
        </div>
        <div
          className="css-1aldbke"
        >
          <p
            className="MuiTypography-root sc-hKFxyN gHWPKs MuiTypography-body1"
            hideOnMobile={true}
          >
            project
          </p>
        </div>
        <div
          className="css-1aldbke"
        >
          <p
            className="MuiTypography-root sc-hKFxyN LmPOM MuiTypography-body1"
          >
            Wednesday, May 26, 2021 9:48 AM
          </p>
        </div>
      </div>
    </div>
    <div
      aria-disabled={false}
      aria-hidden={true}
      className="MuiButtonBase-root MuiIconButton-root MuiAccordionSummary-expandIcon MuiIconButton-edgeEnd"
      onBlur={[Function]}
      onDragLeave={[Function]}
      onFocus={[Function]}
      onKeyDown={[Function]}
      onKeyUp={[Function]}
      onMouseDown={[Function]}
      onMouseLeave={[Function]}
      onMouseUp={[Function]}
      onTouchEnd={[Function]}
      onTouchMove={[Function]}
      onTouchStart={[Function]}
      role={null}
      tabIndex={null}
    >
      <span
        className="MuiIconButton-label"
      >
        <svg
          aria-hidden={true}
          className="MuiSvgIcon-root"
          focusable="false"
          viewBox="0 0 24 24"
        >
          <path
            d="M16.59 8.59L12 13.17 7.41 8.59 6 10l6 6 6-6z"
          />
        </svg>
      </span>
    </div>
  </div>
  <div
    className="MuiCollapse-container MuiCollapse-hidden"
    style={
      Object {
        "minHeight": "0px",
      }
    }
  >
    <div
      className="MuiCollapse-wrapper"
    >
      <div
        className="MuiCollapse-wrapperInner"
      >
        <div
          role="region"
        >
          <div
            className="MuiAccordionDetails-root"
          >
            <div
              className="sc-eCApnc iCXzGU"
            >
              <p
                className="MuiTypography-root sc-jSFjdj euhdDR MuiTypography-body1"
              >
                Lorem ipsum dolor sit amet, consectetur adipiscing elit. Curabitur a tempor massa. Suspendisse potenti. Sed felis turpis, feugiat vel iaculis in, faucibus tempus justo. Etiam auctor malesuada urna eget fringilla.
              </p>
            </div>
          </div>
        </div>
      </div>
    </div>
  </div>
</div>
`;
