/*
 *  Copyright (c) 2022 Red Hat Developer
 *
 * Licensed under the Apache License, Version 2.0 (the "License");
 * you may not use this file except in compliance with the License.
 * You may obtain a copy of the License at
 *
 *     http://www.apache.org/licenses/LICENSE-2.0
 *
 * Unless required by applicable law or agreed to in writing, software
 * distributed under the License is distributed on an "AS IS" BASIS,
 * WITHOUT WARRANTIES OR CONDITIONS OF ANY KIND, either express or implied.
 * See the License for the specific language governing permissions and
 * limitations under the License.
 *
 */

/**
 * @author Richard Wang (Github: RichardW98)
 */

// Jest Snapshot v1, https://goo.gl/fbAQLP

exports[`Tabs Tabs should match stored snapshot 1`] = `
<div
  className="MuiTabs-root"
>
  <div
    className="MuiTabs-scrollable"
    style={
      Object {
        "height": 99,
        "overflow": "scroll",
        "position": "absolute",
        "top": -9999,
        "width": 99,
      }
    }
  />
  <div
    className="MuiTabs-scroller MuiTabs-scrollable"
    onScroll={[Function]}
    style={
      Object {
        "marginBottom": null,
        "overflow": "hidden",
      }
    }
  >
    <div
      className="MuiTabs-flexContainer"
      onKeyDown={[Function]}
      role="tablist"
    >
      <button
        aria-selected={true}
        className="MuiButtonBase-root MuiTab-root MuiTab-textColorInherit sc-bdnxRM fkcISd Mui-selected"
        disabled={false}
        onBlur={[Function]}
        onClick={[Function]}
        onDragLeave={[Function]}
        onFocus={[Function]}
        onKeyDown={[Function]}
        onKeyUp={[Function]}
        onMouseDown={[Function]}
        onMouseLeave={[Function]}
        onMouseUp={[Function]}
        onTouchEnd={[Function]}
        onTouchMove={[Function]}
        onTouchStart={[Function]}
        role="tab"
        tabIndex={0}
        type="button"
      >
        <span
          className="MuiTab-wrapper"
        >
          ALL (0)
        </span>
        <span
          className="PrivateTabIndicator-root-1 PrivateTabIndicator-colorSecondary-3 MuiTabs-indicator"
          style={
            Object {
              "background": "#C0D554",
            }
          }
        />
      </button>
      <button
        aria-selected={false}
        className="MuiButtonBase-root MuiTab-root MuiTab-textColorInherit sc-bdnxRM fkcISd"
        disabled={false}
        onBlur={[Function]}
        onClick={[Function]}
        onDragLeave={[Function]}
        onFocus={[Function]}
        onKeyDown={[Function]}
        onKeyUp={[Function]}
        onMouseDown={[Function]}
        onMouseLeave={[Function]}
        onMouseUp={[Function]}
        onTouchEnd={[Function]}
        onTouchMove={[Function]}
        onTouchStart={[Function]}
        role="tab"
        tabIndex={-1}
        type="button"
      >
        <span
          className="MuiTab-wrapper"
        >
          UNREAD (0)
        </span>
      </button>
      <button
        aria-selected={false}
        className="MuiButtonBase-root MuiTab-root MuiTab-textColorInherit sc-bdnxRM fkcISd"
        disabled={false}
        onBlur={[Function]}
        onClick={[Function]}
        onDragLeave={[Function]}
        onFocus={[Function]}
        onKeyDown={[Function]}
        onKeyUp={[Function]}
        onMouseDown={[Function]}
        onMouseLeave={[Function]}
        onMouseUp={[Function]}
        onTouchEnd={[Function]}
        onTouchMove={[Function]}
        onTouchStart={[Function]}
        role="tab"
        tabIndex={-1}
        type="button"
      >
        <span
          className="MuiTab-wrapper"
        >
          ARCHIVED (0)
        </span>
      </button>
      <button
        aria-selected={false}
        className="MuiButtonBase-root MuiTab-root MuiTab-textColorInherit sc-bdnxRM fkcISd"
        disabled={false}
        onBlur={[Function]}
        onClick={[Function]}
        onDragLeave={[Function]}
        onFocus={[Function]}
        onKeyDown={[Function]}
        onKeyUp={[Function]}
        onMouseDown={[Function]}
        onMouseLeave={[Function]}
        onMouseUp={[Function]}
        onTouchEnd={[Function]}
        onTouchMove={[Function]}
        onTouchStart={[Function]}
        role="tab"
        tabIndex={-1}
        type="button"
      >
        <span
          className="MuiTab-wrapper"
        >
          TRAINING (0)
        </span>
      </button>
    </div>
  </div>
</div>
`;
