/*
 *  Copyright (c) 2022 Red Hat Developer
 *
 * Licensed under the Apache License, Version 2.0 (the "License");
 * you may not use this file except in compliance with the License.
 * You may obtain a copy of the License at
 *
 *     http://www.apache.org/licenses/LICENSE-2.0
 *
 * Unless required by applicable law or agreed to in writing, software
 * distributed under the License is distributed on an "AS IS" BASIS,
 * WITHOUT WARRANTIES OR CONDITIONS OF ANY KIND, either express or implied.
 * See the License for the specific language governing permissions and
 * limitations under the License.
 *
 */

/**
 * @author Richard Wang (Github: RichardW98)
 */

// Jest Snapshot v1, https://goo.gl/fbAQLP

exports[`MarkAsReadButton MarkAsReadButton should match stored snapshot 1`] = `
<button
  aria-describedby={null}
  className="MuiButtonBase-root MuiIconButton-root Mui-disabled Mui-disabled"
  disabled={true}
  onBlur={[Function]}
  onClick={[Function]}
  onDragLeave={[Function]}
  onFocus={[Function]}
  onKeyDown={[Function]}
  onKeyUp={[Function]}
  onMouseDown={[Function]}
  onMouseLeave={[Function]}
  onMouseOver={[Function]}
  onMouseUp={[Function]}
  onTouchEnd={[Function]}
  onTouchMove={[Function]}
  onTouchStart={[Function]}
  tabIndex={-1}
  title="Mark as read"
  type="button"
>
  <span
    className="MuiIconButton-label"
  >
    <svg
      height={24}
      viewBox="0 0 24 24"
      width={24}
      xmlns="http://www.w3.org/2000/svg"
    >
      <path
        d="M0 0h24v24H0z"
        fill="none"
      />
      <path
        d="M12 19a6.995 6.995 0 0110-6.32V6c0-1.1-.9-2-2-2H4c-1.1 0-2 .9-2 2v12c0 1.1.9 2 2 2h8.08c-.05-.33-.08-.66-.08-1zM4 6l8 5 8-5v2l-8 5-8-5V6zm13.34 16l-3.54-3.54 1.41-1.41 2.12 2.12 4.24-4.24L23 16.34 17.34 22z"
        fill="rgba(0, 0, 0, 0.26)"
      />
    </svg>
  </span>
</button>
`;
