// Jest Snapshot v1, https://goo.gl/fbAQLP

exports[`TableHead TableHead should match stored snapshot 1`] = `
<thead
  className="MuiTableHead-root"
  role={null}
>
  <tr
    className="MuiTableRow-root MuiTableRow-head"
    role={null}
  >
    <th
      aria-sort="ascending"
      className="MuiTableCell-root MuiTableCell-head sc-gKAaRy iruILn"
      scope="col"
    >
      <span
        aria-disabled={false}
        className="MuiButtonBase-root MuiTableSortLabel-root MuiTableSortLabel-active"
        onBlur={[Function]}
        onClick={[Function]}
        onDragLeave={[Function]}
        onFocus={[Function]}
        onKeyDown={[Function]}
        onKeyUp={[Function]}
        onMouseDown={[Function]}
        onMouseLeave={[Function]}
        onMouseUp={[Function]}
        onTouchEnd={[Function]}
        onTouchMove={[Function]}
        onTouchStart={[Function]}
        role="button"
        tabIndex={0}
      >
        <p
          className="MuiTypography-root sc-dlnjwi koXpiR MuiTypography-body1"
        >
          DATE
        </p>
        <svg
          aria-hidden={true}
          className="MuiSvgIcon-root MuiTableSortLabel-icon MuiTableSortLabel-iconDirectionAsc"
          focusable="false"
          viewBox="0 0 24 24"
        >
          <path
            d="M20 12l-1.41-1.41L13 16.17V4h-2v12.17l-5.58-5.59L4 12l8 8 8-8z"
          />
        </svg>
      </span>
    </th>
    <th
      aria-sort={null}
      className="MuiTableCell-root MuiTableCell-head sc-gKAaRy iruILn"
      scope="col"
    >
      <p
        className="MuiTypography-root sc-dlnjwi koXpiR MuiTypography-body1"
      >
        ACADEMY RECOMMENDATION
      </p>
    </th>
    <th
      aria-sort={null}
      className="MuiTableCell-root MuiTableCell-head sc-gKAaRy iruILn"
      scope="col"
    >
      <p
        className="MuiTypography-root sc-dlnjwi koXpiR MuiTypography-body1"
      >
        TRIGGER
      </p>
    </th>
    <th
      aria-sort={null}
      className="MuiTableCell-root MuiTableCell-head sc-gKAaRy iruILn"
      scope="col"
    >
      <p
        className="MuiTypography-root sc-dlnjwi koXpiR MuiTypography-body1"
      >
        PROGRESS
      </p>
    </th>
    <th
      aria-sort={null}
      className="MuiTableCell-root MuiTableCell-head sc-gKAaRy iruILn"
      scope="col"
    >
      <p
        className="MuiTypography-root sc-dlnjwi koXpiR MuiTypography-body1"
      >
        CURRENT STATUS
      </p>
    </th>
  </tr>
</thead>
`;
