// Jest Snapshot v1, https://goo.gl/fbAQLP

exports[`TableBodyRow TableBodyRow should match stored snapshot 1`] = `
Array [
  <tr
    className="MuiTableRow-root sc-iCoGMd PIkcT"
    role={null}
  >
    <td
      aria-sort={null}
      className="MuiTableCell-root sc-fujyAs evVcVy"
    >
      Dec 31 1969
    </td>
    <td
      aria-sort={null}
      className="MuiTableCell-root sc-fujyAs evVcVy"
    >
      <a
        className="sc-bdnxRM hwmSHf"
        href="https://test.ca"
        rel="noreferrer"
        target="_blank"
      >
        Test Link
        <svg
          aria-describedby={null}
          aria-hidden={true}
          className="MuiSvgIcon-root sc-gtsrHT ecYved"
          focusable="false"
          onBlur={[Function]}
          onFocus={[Function]}
          onMouseLeave={[Function]}
          onMouseOver={[Function]}
          onTouchEnd={[Function]}
          onTouchStart={[Function]}
          title="View in Academy"
          viewBox="0 0 24 24"
        >
          <path
            d="M19 19H5V5h7V3H5c-1.11 0-2 .9-2 2v14c0 1.1.89 2 2 2h14c1.1 0 2-.9 2-2v-7h-2v7zM14 3v2h3.59l-9.83 9.83 1.41 1.41L19 6.41V10h2V3h-7z"
          />
        </svg>
      </a>
    </td>
    <td
      aria-sort={null}
      className="MuiTableCell-root sc-fujyAs evVcVy"
    >
      Test assignmentTrigger
    </td>
    <td
      aria-sort={null}
      className="MuiTableCell-root sc-fujyAs evVcVy"
    >
      Test progress
    </td>
    <td
      aria-sort={null}
      className="MuiTableCell-root sc-fujyAs evVcVy"
    >
      50%
    </td>
  </tr>,
  <br />,
]
`;
